<html>
<body>
<pre>
<h1>礦ision Build Log</h1>
<h2>Tool Versions:</h2>
IDE-Version: μVision V5.24.2.0
Copyright (C) 2017 ARM Ltd and ARM Germany GmbH. All rights reserved.
License Information: 6 Lenovo, 6, LIC=CZLZX-H6W3G-EV81R-KMB7K-DQA6B-B90EP
 
Tool Versions:
Toolchain:       MDK-ARM Plus  Version: 5.24.1
Toolchain Path:  C:\Users\Lenovo\Desktop\keil5\Keil5 MDK\ARM\ARMCC\Bin
C Compiler:      Armcc.exe V5.06 update 5 (build 528)
Assembler:       Armasm.exe V5.06 update 5 (build 528)
Linker/Locator:  ArmLink.exe V5.06 update 5 (build 528)
Library Manager: ArmAr.exe V5.06 update 5 (build 528)
Hex Converter:   FromElf.exe V5.06 update 5 (build 528)
CPU DLL:         SARMCM3.DLL V5.24.1
Dialog DLL:      DCM.DLL V1.16.0.0
Target DLL:      UL2CM3.DLL V1.160.3.0
Dialog DLL:      TCM.DLL V1.32.0.0
 
<h2>Project:</h2>
D:\电赛练习模板\014 2021电赛\Project\014 PID-Two Circles.uvprojx
Project File Date:  07/26/2025

<h2>Output:</h2>
*** Using Compiler 'V5.06 update 5 (build 528)', folder: 'C:\Users\Lenovo\Desktop\keil5\Keil5 MDK\ARM\ARMCC\Bin'
Build target '014 PID-Two Circles'
compiling stm32f10x_it.c...
..\User\Hardware\LED.h(20): warning:  #1-D: last line of file ends without a newline
  #endif
..\User\System\PID.h(36): warning:  #1-D: last line of file ends without a newline
  #endif
..\User\Hardware\PWM.h(31): warning:  #1-D: last line of file ends without a newline
  #endif
..\User\Hardware\Motor.h(9): warning:  #1-D: last line of file ends without a newline
  #endif
..\User\System\Track.h(4): warning:  #1295-D: Deprecated declaration Track1_Err - give arg types
  float Track1_Err() ;
..\User\System\Track.h(5): warning:  #1295-D: Deprecated declaration Track2_Err - give arg types
  float Track2_Err() ;
..\User\System\Track.h(7): warning:  #1-D: last line of file ends without a newline
  #endif
..\User\System\Track.h(7): warning:  #1-D: last line of file ends without a newline
  #endif
..\User\main\stm32f10x_it.c(497): warning:  #177-D: variable "is_initialized"  was declared but never referenced
  	static uint8_t is_initialized = 0; 
..\User\main\stm32f10x_it.c: 9 warnings, 0 errors
linking...
Program Size: Code=14658 RO-data=3958 RW-data=392 ZI-data=2656  
FromELF: creating hex file...
"..\Output\014 PID-Two Circles.axf" - 0 Error(s), 9 Warning(s).

<h2>Software Packages used:</h2>

Package Vendor: Keil
                http://www.keil.com/pack/Keil.STM32F1xx_DFP.2.2.0.pack
                Keil.STM32F1xx_DFP.2.2.0
                STMicroelectronics STM32F1 Series Device Support, Drivers and Examples

<h2>Collection of Component include folders:</h2>
  .\RTE\_014_PID-Two_Circles
  C:\Users\Lenovo\Desktop\keil5\Keil5 MDK\ARM\PACK\Keil\STM32F1xx_DFP\2.2.0\Device\Include

<h2>Collection of Component Files used:</h2>
Build Time Elapsed:  00:00:05
</pre>
</body>
</html>
